// Jest Snapshot v1, https://jestjs.io/docs/snapshot-testing

exports[`npm adds npm and semantic-release/git plugins 1`] = `
[
  "@semantic-release/npm",
  {
    "tarballDir": "pack",
  },
]
`;

exports[`npm adds npm and semantic-release/git plugins 2`] = `
[
  "@semantic-release/git",
  {
    "assets": [
      "package.json",
      "package-lock.json",
      "README.md",
      "yarn.lock",
    ],
    "message": "ci(release): \${nextRelease.version} <% nextRelease.channel !== 'next' ? print('[skip ci]') : print('') %>

\${nextRelease.notes}",
  },
]
`;
