// Jest Snapshot v1, https://goo.gl/fbAQLP

exports[`openapi adds gradle-semantic-release-plugin, semantic-release/npm, semantic-release/git, and semantic-release-openapi plugins 1`] = `"gradle-semantic-release-plugin"`;

exports[`openapi adds gradle-semantic-release-plugin, semantic-release/npm, semantic-release/git, and semantic-release-openapi plugins 2`] = `
[
  "@semantic-release/npm",
  {
    "tarballDir": "pack",
  },
]
`;

exports[`openapi adds gradle-semantic-release-plugin, semantic-release/npm, semantic-release/git, and semantic-release-openapi plugins 3`] = `
[
  "@aensley/semantic-release-openapi",
  {
    "apiSpecFiles": [
      "spec/**/*.yaml",
    ],
  },
]
`;

exports[`openapi adds gradle-semantic-release-plugin, semantic-release/npm, semantic-release/git, and semantic-release-openapi plugins 4`] = `
[
  "@semantic-release/git",
  {
    "assets": [
      "README.md",
      "gradle.properties",
      "package-lock.json",
      "package.json",
      "yarn.lock",
      "spec/**/*.yaml",
    ],
    "message": "ci(release): \${nextRelease.version} <% nextRelease.channel !== 'next' ? print('[skip ci]') : print('') %>

\${nextRelease.notes}",
  },
]
`;
